// Jest Snapshot v1, https://goo.gl/fbAQLP

exports[`negative cases application error handling 1`] = `[Error: ENOENT: no such file or directory, mkdir 'output/site-com-blog-about_files']`;
